[2026-02-17 01:20:34] production.ERROR: Uncaught Exception: The /home/andy/www/pestE2ETest/packages/pestE2E/bootstrap/cache directory must be present and writable. in /home/andy/www/pestE2ETest/packages/pestE2E/vendor/laravel/framework/src/Illuminate/Foundation/PackageManifest.php:179
Stack trace:
#0 /home/andy/www/pestE2ETest/packages/pestE2E/vendor/orchestra/testbench-core/src/Foundation/PackageManifest.php(158): Illuminate\Foundation\PackageManifest->write()
#1 /home/andy/www/pestE2ETest/packages/pestE2E/vendor/laravel/framework/src/Illuminate/Foundation/PackageManifest.php(132): Orchestra\Testbench\Foundation\PackageManifest->write()
#2 /home/andy/www/pestE2ETest/packages/pestE2E/vendor/laravel/framework/src/Illuminate/Foundation/PackageManifest.php(108): Illuminate\Foundation\PackageManifest->build()
#3 /home/andy/www/pestE2ETest/packages/pestE2E/vendor/orchestra/testbench-core/src/Foundation/PackageManifest.php(103): Illuminate\Foundation\PackageManifest->getManifest()
#4 /home/andy/www/pestE2ETest/packages/pestE2E/vendor/laravel/framework/src/Illuminate/Foundation/PackageManifest.php(90): Orchestra\Testbench\Foundation\PackageManifest->getManifest()
#5 /home/andy/www/pestE2ETest/packages/pestE2E/vendor/laravel/framework/src/Illuminate/Foundation/PackageManifest.php(79): Illuminate\Foundation\PackageManifest->config()
#6 /home/andy/www/pestE2ETest/packages/pestE2E/vendor/laravel/framework/src/Illuminate/Foundation/Bootstrap/RegisterFacades.php(26): Illuminate\Foundation\PackageManifest->aliases()
#7 /home/andy/www/pestE2ETest/packages/pestE2E/vendor/orchestra/testbench-core/src/Concerns/CreatesApplication.php(533): Illuminate\Foundation\Bootstrap\RegisterFacades->bootstrap()
#8 /home/andy/www/pestE2ETest/packages/pestE2E/vendor/orchestra/testbench-core/src/Concerns/CreatesApplication.php(288): Orchestra\Testbench\Foundation\Application->resolveApplicationBootstrappers()
#9 /home/andy/www/pestE2ETest/packages/pestE2E/vendor/orchestra/testbench-core/src/Foundation/Application.php(196): Orchestra\Testbench\Foundation\Application->createApplication()
#10 Command line code(3): Orchestra\Testbench\Foundation\Application::create()
#11 {main}
  thrown {"exception":"[object] (Symfony\\Component\\ErrorHandler\\Error\\FatalError(code: 0): Uncaught Exception: The /home/andy/www/pestE2ETest/packages/pestE2E/bootstrap/cache directory must be present and writable. in /home/andy/www/pestE2ETest/packages/pestE2E/vendor/laravel/framework/src/Illuminate/Foundation/PackageManifest.php:179
Stack trace:
#0 /home/andy/www/pestE2ETest/packages/pestE2E/vendor/orchestra/testbench-core/src/Foundation/PackageManifest.php(158): Illuminate\\Foundation\\PackageManifest->write()
#1 /home/andy/www/pestE2ETest/packages/pestE2E/vendor/laravel/framework/src/Illuminate/Foundation/PackageManifest.php(132): Orchestra\\Testbench\\Foundation\\PackageManifest->write()
#2 /home/andy/www/pestE2ETest/packages/pestE2E/vendor/laravel/framework/src/Illuminate/Foundation/PackageManifest.php(108): Illuminate\\Foundation\\PackageManifest->build()
#3 /home/andy/www/pestE2ETest/packages/pestE2E/vendor/orchestra/testbench-core/src/Foundation/PackageManifest.php(103): Illuminate\\Foundation\\PackageManifest->getManifest()
#4 /home/andy/www/pestE2ETest/packages/pestE2E/vendor/laravel/framework/src/Illuminate/Foundation/PackageManifest.php(90): Orchestra\\Testbench\\Foundation\\PackageManifest->getManifest()
#5 /home/andy/www/pestE2ETest/packages/pestE2E/vendor/laravel/framework/src/Illuminate/Foundation/PackageManifest.php(79): Illuminate\\Foundation\\PackageManifest->config()
#6 /home/andy/www/pestE2ETest/packages/pestE2E/vendor/laravel/framework/src/Illuminate/Foundation/Bootstrap/RegisterFacades.php(26): Illuminate\\Foundation\\PackageManifest->aliases()
#7 /home/andy/www/pestE2ETest/packages/pestE2E/vendor/orchestra/testbench-core/src/Concerns/CreatesApplication.php(533): Illuminate\\Foundation\\Bootstrap\\RegisterFacades->bootstrap()
#8 /home/andy/www/pestE2ETest/packages/pestE2E/vendor/orchestra/testbench-core/src/Concerns/CreatesApplication.php(288): Orchestra\\Testbench\\Foundation\\Application->resolveApplicationBootstrappers()
#9 /home/andy/www/pestE2ETest/packages/pestE2E/vendor/orchestra/testbench-core/src/Foundation/Application.php(196): Orchestra\\Testbench\\Foundation\\Application->createApplication()
#10 Command line code(3): Orchestra\\Testbench\\Foundation\\Application::create()
#11 {main}
  thrown at /home/andy/www/pestE2ETest/packages/pestE2E/vendor/laravel/framework/src/Illuminate/Foundation/PackageManifest.php:179)
[stacktrace]
#0 {main}
"} 
[2026-02-17 01:25:33] production.ERROR: Uncaught Exception: The /home/andy/www/pestE2ETest/packages/pestE2E/bootstrap/cache directory must be present and writable. in /home/andy/www/pestE2ETest/packages/pestE2E/vendor/laravel/framework/src/Illuminate/Foundation/PackageManifest.php:179
Stack trace:
#0 /home/andy/www/pestE2ETest/packages/pestE2E/vendor/orchestra/testbench-core/src/Foundation/PackageManifest.php(158): Illuminate\Foundation\PackageManifest->write()
#1 /home/andy/www/pestE2ETest/packages/pestE2E/vendor/laravel/framework/src/Illuminate/Foundation/PackageManifest.php(132): Orchestra\Testbench\Foundation\PackageManifest->write()
#2 /home/andy/www/pestE2ETest/packages/pestE2E/vendor/laravel/framework/src/Illuminate/Foundation/PackageManifest.php(108): Illuminate\Foundation\PackageManifest->build()
#3 /home/andy/www/pestE2ETest/packages/pestE2E/vendor/orchestra/testbench-core/src/Foundation/PackageManifest.php(103): Illuminate\Foundation\PackageManifest->getManifest()
#4 /home/andy/www/pestE2ETest/packages/pestE2E/vendor/laravel/framework/src/Illuminate/Foundation/PackageManifest.php(90): Orchestra\Testbench\Foundation\PackageManifest->getManifest()
#5 /home/andy/www/pestE2ETest/packages/pestE2E/vendor/laravel/framework/src/Illuminate/Foundation/PackageManifest.php(79): Illuminate\Foundation\PackageManifest->config()
#6 /home/andy/www/pestE2ETest/packages/pestE2E/vendor/laravel/framework/src/Illuminate/Foundation/Bootstrap/RegisterFacades.php(26): Illuminate\Foundation\PackageManifest->aliases()
#7 /home/andy/www/pestE2ETest/packages/pestE2E/vendor/orchestra/testbench-core/src/Concerns/CreatesApplication.php(533): Illuminate\Foundation\Bootstrap\RegisterFacades->bootstrap()
#8 /home/andy/www/pestE2ETest/packages/pestE2E/vendor/orchestra/testbench-core/src/Concerns/CreatesApplication.php(288): Orchestra\Testbench\Foundation\Application->resolveApplicationBootstrappers()
#9 /home/andy/www/pestE2ETest/packages/pestE2E/vendor/orchestra/testbench-core/src/Foundation/Application.php(196): Orchestra\Testbench\Foundation\Application->createApplication()
#10 Command line code(3): Orchestra\Testbench\Foundation\Application::create()
#11 {main}
  thrown {"exception":"[object] (Symfony\\Component\\ErrorHandler\\Error\\FatalError(code: 0): Uncaught Exception: The /home/andy/www/pestE2ETest/packages/pestE2E/bootstrap/cache directory must be present and writable. in /home/andy/www/pestE2ETest/packages/pestE2E/vendor/laravel/framework/src/Illuminate/Foundation/PackageManifest.php:179
Stack trace:
#0 /home/andy/www/pestE2ETest/packages/pestE2E/vendor/orchestra/testbench-core/src/Foundation/PackageManifest.php(158): Illuminate\\Foundation\\PackageManifest->write()
#1 /home/andy/www/pestE2ETest/packages/pestE2E/vendor/laravel/framework/src/Illuminate/Foundation/PackageManifest.php(132): Orchestra\\Testbench\\Foundation\\PackageManifest->write()
#2 /home/andy/www/pestE2ETest/packages/pestE2E/vendor/laravel/framework/src/Illuminate/Foundation/PackageManifest.php(108): Illuminate\\Foundation\\PackageManifest->build()
#3 /home/andy/www/pestE2ETest/packages/pestE2E/vendor/orchestra/testbench-core/src/Foundation/PackageManifest.php(103): Illuminate\\Foundation\\PackageManifest->getManifest()
#4 /home/andy/www/pestE2ETest/packages/pestE2E/vendor/laravel/framework/src/Illuminate/Foundation/PackageManifest.php(90): Orchestra\\Testbench\\Foundation\\PackageManifest->getManifest()
#5 /home/andy/www/pestE2ETest/packages/pestE2E/vendor/laravel/framework/src/Illuminate/Foundation/PackageManifest.php(79): Illuminate\\Foundation\\PackageManifest->config()
#6 /home/andy/www/pestE2ETest/packages/pestE2E/vendor/laravel/framework/src/Illuminate/Foundation/Bootstrap/RegisterFacades.php(26): Illuminate\\Foundation\\PackageManifest->aliases()
#7 /home/andy/www/pestE2ETest/packages/pestE2E/vendor/orchestra/testbench-core/src/Concerns/CreatesApplication.php(533): Illuminate\\Foundation\\Bootstrap\\RegisterFacades->bootstrap()
#8 /home/andy/www/pestE2ETest/packages/pestE2E/vendor/orchestra/testbench-core/src/Concerns/CreatesApplication.php(288): Orchestra\\Testbench\\Foundation\\Application->resolveApplicationBootstrappers()
#9 /home/andy/www/pestE2ETest/packages/pestE2E/vendor/orchestra/testbench-core/src/Foundation/Application.php(196): Orchestra\\Testbench\\Foundation\\Application->createApplication()
#10 Command line code(3): Orchestra\\Testbench\\Foundation\\Application::create()
#11 {main}
  thrown at /home/andy/www/pestE2ETest/packages/pestE2E/vendor/laravel/framework/src/Illuminate/Foundation/PackageManifest.php:179)
[stacktrace]
#0 {main}
"} 
